declaration 2026-08-25 status LOCKED
10 declared family pairs over 7 distinct cells
streaming 19,314 tiles x 8 rasters, 6 processes

  2,000 / 19,314
  4,000 / 19,314
  6,000 / 19,314
  8,000 / 19,314
  10,000 / 19,314
  12,000 / 19,314
  14,000 / 19,314
  16,000 / 19,314
  18,000 / 19,314

scored pixels: 12,194,633,781   tiles with no scored pixel: 131   failures: 0

pair                                          b (A right,B wrong)  c (A wrong,B right)        chi2           p
cnx_rgb - swin_rgb                                    334,940,275          137,827,965  82182471.4   0.000e+00
cnx_rgb - segf_rgb                                    361,458,174          211,374,746  39322172.8   0.000e+00
cnx_rgb - rn34_rgb                                    614,587,294          171,077,010 250363126.0   0.000e+00
swin_rgb - segf_rgb                                   275,673,131          322,702,013   3696202.4   0.000e+00
swin_rgb - rn34_rgb                                   452,551,277          206,153,303  92168724.7   0.000e+00
segf_rgb - rn34_rgb                                   555,476,734          262,049,878 105316839.8   0.000e+00
cnx_rgb - cnx_6ch                                     268,983,224          194,523,901  11961392.5   0.000e+00
cnx_rgb - cnx_10ch                                    201,924,496          248,129,150   4743590.0   0.000e+00
cnx_6ch - cnx_10ch                                    142,713,654          263,377,631  35853503.0   0.000e+00
cnx_rgb - cnx_rgb_unw                                 159,334,465          121,145,211   5199731.6   0.000e+00

wrote C:\thesis\exploratory_data_analysis\results\tables\part_b\mcnemar_family_pairs.csv
wrote C:\thesis\exploratory_data_analysis\results\tables\part_b\mcnemar_provenance.json

READ AS CONTEXT ONLY. At this pixel count with spatial autocorrelation, significance
is near-automatic by construction; the direction and the discordant magnitude are the
only parts of this table the thesis uses.
